nohup: ignoring input
Starting TMDB data collection...

Fetching 2015...
  [2015] Page 1/159 done (20 movies)
  [2015] Page 2/159 done (20 movies)
  [2015] Page 3/159 done (20 movies)
  [2015] Page 4/159 done (20 movies)
  [2015] Page 5/159 done (20 movies)
  [2015] Page 6/159 done (20 movies)
  [2015] Page 7/159 done (20 movies)
  [2015] Page 8/159 done (20 movies)
  [2015] Page 9/159 done (20 movies)
  [2015] Page 10/159 done (20 movies)
  [2015] Page 11/159 done (20 movies)
  [2015] Page 12/159 done (20 movies)
  [2015] Page 13/159 done (20 movies)
  [2015] Page 14/159 done (20 movies)
  [2015] Page 15/159 done (20 movies)
  [2015] Page 16/159 done (20 movies)
  [2015] Page 17/159 done (20 movies)
  [2015] Page 18/159 done (20 movies)
  [2015] Page 19/159 done (20 movies)
  [2015] Page 20/159 done (20 movies)
  [2015] Saved: /home/maria_dev/bigdata-movie-recommendation/data/raw/movies_2015.csv (400 movies)
  [2015] Uploaded to HDFS: /user/maria_dev/movies/year=2015

Fetching 2016...
  [2016] Page 1/169 done (20 movies)
  [2016] Page 2/169 done (20 movies)
  [2016] Page 3/169 done (20 movies)
  [2016] Page 4/169 done (20 movies)
  [2016] Page 5/169 done (20 movies)
  [2016] Page 6/169 done (20 movies)
  [2016] Page 7/169 done (20 movies)
  [2016] Page 8/169 done (20 movies)
  [2016] Page 9/169 done (20 movies)
  [2016] Page 10/169 done (20 movies)
  [2016] Page 11/169 done (20 movies)
  [2016] Page 12/169 done (20 movies)
  [2016] Page 13/169 done (20 movies)
  [2016] Page 14/169 done (20 movies)
  [2016] Page 15/169 done (20 movies)
  [2016] Page 16/169 done (20 movies)
  [2016] Page 17/169 done (20 movies)
  [2016] Page 18/169 done (20 movies)
  [2016] Page 19/169 done (20 movies)
  [2016] Page 20/169 done (20 movies)
  [2016] Saved: /home/maria_dev/bigdata-movie-recommendation/data/raw/movies_2016.csv (400 movies)
  [2016] Uploaded to HDFS: /user/maria_dev/movies/year=2016

Fetching 2017...
  [2017] Page 1/181 done (20 movies)
  [2017] Page 2/181 done (20 movies)
  [2017] Page 3/181 done (20 movies)
  [2017] Page 4/181 done (20 movies)
  [2017] Page 5/181 done (20 movies)
  [2017] Page 6/181 done (20 movies)
  [2017] Page 7/181 done (20 movies)
  [2017] Page 8/181 done (20 movies)
  [2017] Page 9/181 done (20 movies)
  [2017] Page 10/181 done (20 movies)
  [2017] Page 11/181 done (20 movies)
  [2017] Page 12/181 done (20 movies)
  [2017] Page 13/181 done (20 movies)
  [2017] Page 14/181 done (20 movies)
  [2017] Page 15/181 done (20 movies)
  [2017] Page 16/181 done (20 movies)
  [2017] Page 17/181 done (20 movies)
  [2017] Page 18/181 done (20 movies)
  [2017] Page 19/181 done (20 movies)
  [2017] Page 20/181 done (20 movies)
  [2017] Saved: /home/maria_dev/bigdata-movie-recommendation/data/raw/movies_2017.csv (400 movies)
  [2017] Uploaded to HDFS: /user/maria_dev/movies/year=2017

Fetching 2018...
  [2018] Page 1/181 done (20 movies)
  [2018] Page 2/181 done (20 movies)
  [2018] Page 3/181 done (20 movies)
  [2018] Page 4/181 done (20 movies)
  [2018] Page 5/181 done (20 movies)
  [2018] Page 6/181 done (20 movies)
  [2018] Page 7/181 done (20 movies)
  [2018] Page 8/181 done (20 movies)
  [2018] Page 9/181 done (20 movies)
  [2018] Page 10/181 done (20 movies)
  [2018] Page 11/181 done (20 movies)
  [2018] Page 12/181 done (20 movies)
  [2018] Page 13/181 done (20 movies)
  [2018] Page 14/181 done (20 movies)
  [2018] Page 15/181 done (20 movies)
  [2018] Page 16/181 done (20 movies)
  [2018] Page 17/181 done (20 movies)
  [2018] Page 18/181 done (20 movies)
  [2018] Page 19/181 done (20 movies)
  [2018] Page 20/181 done (20 movies)
  [2018] Saved: /home/maria_dev/bigdata-movie-recommendation/data/raw/movies_2018.csv (400 movies)
  [2018] Uploaded to HDFS: /user/maria_dev/movies/year=2018

Fetching 2019...
  [2019] Page 1/178 done (20 movies)
  [2019] Page 2/178 done (20 movies)
  [2019] Page 3/178 done (20 movies)
  [2019] Page 4/178 done (20 movies)
  [2019] Page 5/178 done (20 movies)
  [2019] Page 6/178 done (20 movies)
  [2019] Page 7/178 done (20 movies)
  [2019] Page 8/178 done (20 movies)
  [2019] Page 9/178 done (20 movies)
  [2019] Page 10/178 done (20 movies)
  [2019] Page 11/178 done (20 movies)
  [2019] Page 12/178 done (20 movies)
  [2019] Page 13/178 done (20 movies)
  [2019] Page 14/178 done (20 movies)
  [2019] Page 15/178 done (20 movies)
  [2019] Page 16/178 done (20 movies)
  [2019] Page 17/178 done (20 movies)
  [2019] Page 18/178 done (20 movies)
  [2019] Page 19/178 done (20 movies)
  [2019] Page 20/178 done (20 movies)
  [2019] Saved: /home/maria_dev/bigdata-movie-recommendation/data/raw/movies_2019.csv (400 movies)
  [2019] Uploaded to HDFS: /user/maria_dev/movies/year=2019

Fetching 2020...
  [2020] Page 1/137 done (20 movies)
  [2020] Page 2/137 done (20 movies)
  [2020] Page 3/137 done (20 movies)
  [2020] Page 4/137 done (20 movies)
  [2020] Page 5/137 done (20 movies)
  [2020] Page 6/137 done (20 movies)
  [2020] Page 7/137 done (20 movies)
  [2020] Page 8/137 done (20 movies)
  [2020] Page 9/137 done (20 movies)
  [2020] Page 10/137 done (20 movies)
  [2020] Page 11/137 done (20 movies)
  [2020] Page 12/137 done (20 movies)
  [2020] Page 13/137 done (20 movies)
  [2020] Page 14/137 done (20 movies)
  [2020] Page 15/137 done (20 movies)
  [2020] Page 16/137 done (20 movies)
  [2020] Page 17/137 done (20 movies)
  [2020] Page 18/137 done (20 movies)
  [2020] Page 19/137 done (20 movies)
  [2020] Page 20/137 done (20 movies)
  [2020] Saved: /home/maria_dev/bigdata-movie-recommendation/data/raw/movies_2020.csv (400 movies)
  [2020] Uploaded to HDFS: /user/maria_dev/movies/year=2020

Fetching 2021...
  [2021] Page 1/143 done (20 movies)
  [2021] Page 2/143 done (20 movies)
  [2021] Page 3/143 done (20 movies)
  [2021] Page 4/143 done (20 movies)
  [2021] Page 5/143 done (20 movies)
  [2021] Page 6/143 done (20 movies)
  [2021] Page 7/143 done (20 movies)
  [2021] Page 8/143 done (20 movies)
  [2021] Page 9/143 done (20 movies)
  [2021] Page 10/143 done (20 movies)
  [2021] Page 11/143 done (20 movies)
  [2021] Page 12/143 done (20 movies)
  [2021] Page 13/143 done (20 movies)
  [2021] Page 14/143 done (20 movies)
  [2021] Page 15/143 done (20 movies)
  [2021] Page 16/143 done (20 movies)
  [2021] Page 17/143 done (20 movies)
  [2021] Page 18/143 done (20 movies)
  [2021] Page 19/143 done (20 movies)
  [2021] Page 20/143 done (20 movies)
  [2021] Saved: /home/maria_dev/bigdata-movie-recommendation/data/raw/movies_2021.csv (400 movies)
  [2021] Uploaded to HDFS: /user/maria_dev/movies/year=2021

Fetching 2022...
  [2022] Page 1/152 done (20 movies)
  [2022] Page 2/152 done (20 movies)
  [2022] Page 3/152 done (20 movies)
  [2022] Page 4/152 done (20 movies)
  [2022] Page 5/152 done (20 movies)
  [2022] Page 6/152 done (20 movies)
  [2022] Page 7/152 done (20 movies)
  [2022] Page 8/152 done (20 movies)
  [2022] Page 9/152 done (20 movies)
  [2022] Page 10/152 done (20 movies)
  [2022] Page 11/152 done (20 movies)
  [2022] Page 12/152 done (20 movies)
  [2022] Page 13/152 done (20 movies)
  [2022] Page 14/152 done (20 movies)
  [2022] Page 15/152 done (20 movies)
  [2022] Page 16/152 done (20 movies)
  [2022] Page 17/152 done (20 movies)
  [2022] Page 18/152 done (20 movies)
  [2022] Page 19/152 done (20 movies)
  [2022] Page 20/152 done (20 movies)
  [2022] Saved: /home/maria_dev/bigdata-movie-recommendation/data/raw/movies_2022.csv (400 movies)
  [2022] Uploaded to HDFS: /user/maria_dev/movies/year=2022

Fetching 2023...
  [2023] Page 1/144 done (20 movies)
  [2023] Page 2/144 done (20 movies)
  [2023] Page 3/144 done (20 movies)
  [2023] Page 4/144 done (20 movies)
  [2023] Page 5/144 done (20 movies)
  [2023] Page 6/144 done (20 movies)
  [2023] Page 7/144 done (20 movies)
  [2023] Page 8/144 done (20 movies)
  [2023] Page 9/144 done (20 movies)
  [2023] Page 10/144 done (20 movies)
  [2023] Page 11/144 done (20 movies)
  [2023] Page 12/144 done (20 movies)
  [2023] Page 13/144 done (20 movies)
  [2023] Page 14/144 done (20 movies)
  [2023] Page 15/144 done (20 movies)
  [2023] Page 16/144 done (20 movies)
  [2023] Page 17/144 done (20 movies)
  [2023] Page 18/144 done (20 movies)
  [2023] Page 19/144 done (20 movies)
  [2023] Page 20/144 done (20 movies)
  [2023] Saved: /home/maria_dev/bigdata-movie-recommendation/data/raw/movies_2023.csv (400 movies)
  [2023] Uploaded to HDFS: /user/maria_dev/movies/year=2023

Fetching 2024...
  [2024] Page 1/118 done (20 movies)
  [2024] Page 2/118 done (20 movies)
  [2024] Page 3/118 done (20 movies)
  [2024] Page 4/118 done (20 movies)
  [2024] Page 5/118 done (20 movies)
  [2024] Page 6/118 done (20 movies)
  [2024] Page 7/118 done (20 movies)
  [2024] Page 8/118 done (20 movies)
  [2024] Page 9/118 done (20 movies)
  [2024] Page 10/118 done (20 movies)
  [2024] Page 11/118 done (20 movies)
  [2024] Page 12/118 done (20 movies)
  [2024] Page 13/118 done (20 movies)
  [2024] Page 14/118 done (20 movies)
  [2024] Page 15/118 done (20 movies)
  [2024] Page 16/118 done (20 movies)
  [2024] Page 17/118 done (20 movies)
  [2024] Page 18/118 done (20 movies)
  [2024] Page 19/118 done (20 movies)
  [2024] Page 20/118 done (20 movies)
  [2024] Saved: /home/maria_dev/bigdata-movie-recommendation/data/raw/movies_2024.csv (400 movies)
  [2024] Uploaded to HDFS: /user/maria_dev/movies/year=2024

Done! Total 4000 movies collected.
